[DBG][2020/01/28 19:45:06]:123
[DBG][2020/01/28 19:45:59]:123
[DBG][2020/01/28 19:58:00]:123
